// Jest Snapshot v1, https://goo.gl/fbAQLP

exports[`m√≥gan theme then should not have any unexpected changes 1`] = `
Object {
  "borderWidths": Object {
    "none": 0,
    "small": 1,
  },
  "colors": Object {
    "$background-active": "#ee5396",
    "$background-brand": "#d02670",
    "$background-primary": "#ffafd2",
    "$button-danger": "#da1e28",
    "$button-danger-active": "#750e13",
    "$button-danger-hover": "#ba1b23",
    "$button-disabled": "#c6c6c6",
    "$button-primary": "#d02670",
    "$button-primary-active": "#740937",
    "$button-primary-hover": "#ee5396",
    "$button-secondary": "#ffd6e8",
    "$button-secondary-active": "#ffafd2",
    "$button-secondary-hover": "#fff0f7",
    "$field-01": "#ffd6e8",
    "$field-error-01": "#ffd7d9",
    "$field-selected-01": "#d02670",
    "$ghost": "#c6c6c6",
    "$layer-01": "#ffd6e8",
    "$layer-02": "#ffffff",
    "$layer-03": "#f4f4f4",
    "$layer-active-01": "#ffafd2",
    "$layer-active-02": "#c6c6c6",
    "$layer-active-03": "#c6c6c6",
    "$layer-disabled": "#8d8d8d",
    "$layer-hover-01": "#fff0f7",
    "$layer-hover-02": "#e5e5e5",
    "$layer-hover-03": "#e5e5e5",
    "$layer-selected-01": "#e0e0e0",
    "$layer-selected-02": "#e0e0e0",
    "$layer-selected-03": "#e0e0e0",
    "$text-disabled": "#c6c6c6",
    "$text-error": "#da1e28",
    "$text-on-color": "#ffd6e8",
    "$text-placeholder": "#a8a8a8",
    "$text-primary": "#d02670",
    "$text-secondary": "#ffffff",
    "$transparent": "transparent",
  },
  "radii": Object {
    "large": 16,
    "medium": 8,
    "none": 0,
    "small": 4,
    "xlarge": 24,
    "xsmall": 2,
  },
  "space": Object {
    "auto": "auto",
    "large": 24,
    "medium": 16,
    "miniscule": 2,
    "none": 0,
    "small": 8,
    "xlarge": 32,
    "xsmall": 4,
  },
  "typography": Object {
    "$body": Object {
      "fontFamily": "",
      "fontSize": 12,
      "fontWeight": 400,
      "lineHeight": "12px",
    },
    "$heading": Object {
      "fontFamily": "",
      "fontSize": 24,
      "fontWeight": 600,
      "lineHeight": "24px",
    },
  },
}
`;
